Error: required manifest file `poac.toml` does not exist
